// Jest Snapshot v1, https://goo.gl/fbAQLP

exports[`App should render correctly 1`] = `
Array [
  <header
    className="MuiPaper-root MuiAppBar-root MuiAppBar-positionSticky MuiAppBar-colorPrimary makeStyles-header-2 MuiPaper-elevation4"
  >
    <div
      className="MuiToolbar-root MuiToolbar-regular MuiToolbar-gutters"
    >
      <h6
        className="MuiTypography-root makeStyles-title-3 MuiTypography-h6 MuiTypography-colorSecondary"
      >
        
      </h6>
      <div
        className="makeStyles-grow-1"
      />
      <button
        className="MuiButtonBase-root MuiIconButton-root"
        disabled={false}
        onBlur={[Function]}
        onClick={[Function]}
        onDragLeave={[Function]}
        onFocus={[Function]}
        onKeyDown={[Function]}
        onKeyUp={[Function]}
        onMouseDown={[Function]}
        onMouseLeave={[Function]}
        onMouseUp={[Function]}
        onTouchEnd={[Function]}
        onTouchMove={[Function]}
        onTouchStart={[Function]}
        tabIndex={0}
        type="button"
      >
        <span
          className="MuiIconButton-label"
        >
          <svg
            aria-hidden={true}
            className="MuiSvgIcon-root"
            focusable="false"
            viewBox="0 0 24 24"
          >
            <path
              d="M3 17.25V21h3.75L17.81 9.94l-3.75-3.75L3 17.25zM20.71 7.04c.39-.39.39-1.02 0-1.41l-2.34-2.34a.9959.9959 0 00-1.41 0l-1.83 1.83 3.75 3.75 1.83-1.83z"
            />
          </svg>
        </span>
        <span
          className="MuiTouchRipple-root"
        />
      </button>
    </div>
  </header>,
  <ul
    className="MuiList-root MuiList-padding"
  />,
  <div
    className="MuiToolbar-root MuiToolbar-regular MuiToolbar-gutters"
  >
    <form
      onSubmit={[Function]}
      style={
        Object {
          "display": "flex",
          "flex": 1,
        }
      }
    >
      <div
        className="MuiFormControl-root MuiTextField-root makeStyles-control-4"
      >
        <label
          className="MuiFormLabel-root MuiInputLabel-root MuiInputLabel-formControl MuiInputLabel-animated Mui-required Mui-required"
          data-shrink={false}
        >
          
          <span
            aria-hidden={true}
            className="MuiFormLabel-asterisk MuiInputLabel-asterisk"
          >
            â€‰
            *
          </span>
        </label>
        <div
          className="MuiInputBase-root MuiInput-root MuiInput-underline MuiInputBase-formControl MuiInput-formControl"
          onClick={[Function]}
        >
          <input
            aria-invalid={false}
            autoFocus={false}
            className="MuiInputBase-input MuiInput-input"
            disabled={false}
            name="task"
            onAnimationStart={[Function]}
            onBlur={[Function]}
            onChange={[Function]}
            onFocus={[Function]}
            required={true}
            type="text"
            value=""
          />
        </div>
      </div>
      <button
        className="MuiButtonBase-root MuiButton-root MuiButton-text Mui-disabled Mui-disabled"
        disabled={true}
        onBlur={[Function]}
        onDragLeave={[Function]}
        onFocus={[Function]}
        onKeyDown={[Function]}
        onKeyUp={[Function]}
        onMouseDown={[Function]}
        onMouseLeave={[Function]}
        onMouseUp={[Function]}
        onTouchEnd={[Function]}
        onTouchMove={[Function]}
        onTouchStart={[Function]}
        tabIndex={-1}
        type="submit"
      >
        <span
          className="MuiButton-label"
        >
          
        </span>
      </button>
    </form>
  </div>,
]
`;
